// Jest Snapshot v1, https://goo.gl/fbAQLP

exports[`App component matches snapshot 1`] = `
<DocumentFragment>
  <div
    class="header"
    data-testid="header"
  >
    <a
      data-testid="image-link"
      href="/"
    >
      <img
        alt="/images/logos/black-logo.svg"
        class=""
        src="/images/logos/black-logo.svg"
      />
    </a>
    <div
      class="header-menu"
    >
      <div
        class="menu"
        data-testid="menu"
      >
        <ul
          class="undefined menu-list-horizontal"
        >
          <p
            class="menu-main-horizontal"
          />
          <li
            class="undefined menu-item-horizontal"
          >
            <a
              href="/"
            >
              Men
            </a>
          </li>
          <li
            class="undefined menu-item-horizontal"
          >
            <a
              href="/"
            >
              Women
            </a>
          </li>
          <li
            class="undefined menu-item-horizontal"
          >
            <a
              href="/"
            >
              Accessories
            </a>
          </li>
          <li
            class="undefined menu-item-horizontal"
          >
            <a
              href="/"
            >
              About
            </a>
          </li>
        </ul>
      </div>
      <button
        class=" btn btn-out-line-primary"
        data-testid="button"
      >
        Shoe Finder Quiz
      </button>
    </div>
    <div
      class="header-support"
    >
      <p
        class=" text-normal"
        data-testid="text"
      >
        Support
      </p>
      <button
        class="header-user btn btn-icon-primary"
        data-testid="button"
      >
        <svg
          fill="none"
          height="24"
          viewBox="0 0 24 24"
          width="24"
          xmlns="http://www.w3.org/2000/svg"
        >
          <path
            d="M20 21V19C20 17.9391 19.5786 16.9217 18.8284 16.1716C18.0783 15.4214 17.0609 15 16 15H8C6.93913 15 5.92172 15.4214 5.17157 16.1716C4.42143 16.9217 4 17.9391 4 19V21"
            stroke="#02021D"
            stroke-linecap="round"
            stroke-linejoin="round"
            stroke-width="2"
          />
          <path
            d="M12 11C14.2091 11 16 9.20914 16 7C16 4.79086 14.2091 3 12 3C9.79086 3 8 4.79086 8 7C8 9.20914 9.79086 11 12 11Z"
            stroke="#02021D"
            stroke-linecap="round"
            stroke-linejoin="round"
            stroke-width="2"
          />
        </svg>
      </button>
      <button
        class=" btn btn-icon-primary"
        data-testid="button"
      >
        <svg
          fill="none"
          height="24"
          viewBox="0 0 24 24"
          width="24"
          xmlns="http://www.w3.org/2000/svg"
        >
          <path
            d="M6 2L3 6V20C3 20.5304 3.21071 21.0391 3.58579 21.4142C3.96086 21.7893 4.46957 22 5 22H19C19.5304 22 20.0391 21.7893 20.4142 21.4142C20.7893 21.0391 21 20.5304 21 20V6L18 2H6Z"
            stroke="#02021D"
            stroke-linecap="round"
            stroke-linejoin="round"
            stroke-width="2"
          />
          <path
            d="M3 6H21"
            stroke="#02021D"
            stroke-linecap="round"
            stroke-linejoin="round"
            stroke-width="2"
          />
          <path
            d="M16 10C16 11.0609 15.5786 12.0783 14.8284 12.8284C14.0783 13.5786 13.0609 14 12 14C10.9391 14 9.92172 13.5786 9.17157 12.8284C8.42143 12.0783 8 11.0609 8 10"
            stroke="#02021D"
            stroke-linecap="round"
            stroke-linejoin="round"
            stroke-width="2"
          />
        </svg>
      </button>
    </div>
  </div>
  <div
    class="product"
    data-testid="product"
  >
    <div
      class="loading-container"
      data-testid="loading-page"
    >
      <div
        class="circle"
      />
      <div
        class="circle"
      />
      <div
        class="circle"
      />
    </div>
  </div>
  <div
    class="footer"
    data-testid="footer"
  >
    <div
      class="footer-content"
    >
      <div
        class="footer-email"
      >
        <a
          data-testid="image-link"
          href="/"
        >
          <img
            alt="/images/logos/white-logo.svg"
            class=""
            src="/images/logos/white-logo.svg"
          />
        </a>
        <p
          class="footer-text text-light"
          data-testid="text"
        >
          Stay informed about Sopa with our latest releases and founder news.
        </p>
        <button
          class=" btn btn-out-line-secondary"
          data-testid="button"
        >
          Enter email here for updates
        </button>
      </div>
      <div
        class="menu"
        data-testid="menu"
      >
        <ul
          class="undefined menu-list-vertical"
        >
          <p
            class="menu-main-vertical"
          >
            Products
          </p>
          <li
            class="undefined menu-item-vertical"
          >
            <a
              href="/"
            >
              Model-000
            </a>
          </li>
          <li
            class="undefined menu-item-vertical"
          >
            <a
              href="/"
            >
              Model-001
            </a>
          </li>
          <li
            class="undefined menu-item-vertical"
          >
            <a
              href="/"
            >
              Laces
            </a>
          </li>
          <li
            class="undefined menu-item-vertical"
          >
            <a
              href="/"
            >
              Masks
            </a>
          </li>
          <li
            class="undefined menu-item-vertical"
          >
            <a
              href="/"
            >
              No-show Socks
            </a>
          </li>
          <li
            class="undefined menu-item-vertical"
          >
            <a
              href="/"
            >
              Crew Socks
            </a>
          </li>
          <li
            class="undefined menu-item-vertical"
          >
            <a
              href="/"
            >
              Gift Cards
            </a>
          </li>
        </ul>
      </div>
      <div
        class="menu"
        data-testid="menu"
      >
        <ul
          class="undefined menu-list-vertical"
        >
          <p
            class="menu-main-vertical"
          >
            Support
          </p>
          <li
            class="undefined menu-item-vertical"
          >
            <a
              href="/"
            >
              Help Center
            </a>
          </li>
          <li
            class="undefined menu-item-vertical"
          >
            <a
              href="/"
            >
              FAQs
            </a>
          </li>
          <li
            class="undefined menu-item-vertical"
          >
            <a
              href="/"
            >
              Order
            </a>
          </li>
          <li
            class="undefined menu-item-vertical"
          >
            <a
              href="/"
            >
              Order Status
            </a>
          </li>
          <li
            class="undefined menu-item-vertical"
          >
            <a
              href="/"
            >
              Returns & Exchanges
            </a>
          </li>
          <li
            class="undefined menu-item-vertical"
          >
            <a
              href="/"
            >
              Contact Us
            </a>
          </li>
        </ul>
      </div>
      <div
        class="menu"
        data-testid="menu"
      >
        <ul
          class="undefined menu-list-vertical"
        >
          <p
            class="menu-main-vertical"
          >
            Everything Else
          </p>
          <li
            class="undefined menu-item-vertical"
          >
            <a
              href="/"
            >
              Community
            </a>
          </li>
          <li
            class="undefined menu-item-vertical"
          >
            <a
              href="/"
            >
              Why Sopa
            </a>
          </li>
          <li
            class="undefined menu-item-vertical"
          >
            <a
              href="/"
            >
              About
            </a>
          </li>
          <li
            class="undefined menu-item-vertical"
          >
            <a
              href="/"
            >
              Discount Program
            </a>
          </li>
          <li
            class="undefined menu-item-vertical"
          >
            <a
              href="/"
            >
              Sopa Blog
            </a>
          </li>
          <li
            class="undefined menu-item-vertical"
          >
            <a
              href="/"
            >
              Sopa Ambassadors
            </a>
          </li>
        </ul>
      </div>
      <div
        class="footer-social"
      >
        <ul
          class="social-list"
          data-testid="social"
        >
          <li
            class="social-item"
          >
            <a
              class="social-link"
              href="https://twitter.com"
              title="twitter"
            >
              <svg
                fill="none"
                height="24"
                viewBox="0 0 24 24"
                width="24"
                xmlns="http://www.w3.org/2000/svg"
              >
                <path
                  d="M23 3.00029C22.0424 3.67577 20.9821 4.1924 19.86 4.53029C19.2577 3.8378 18.4573 3.34698 17.567 3.12422C16.6767 2.90145 15.7395 2.95749 14.8821 3.28474C14.0247 3.612 13.2884 4.19469 12.773 4.95401C12.2575 5.71332 11.9877 6.61263 12 7.53029V8.53029C10.2426 8.57586 8.50127 8.1861 6.93101 7.39574C5.36074 6.60537 4.01032 5.43893 3 4.00029C3 4.00029 -1 13.0003 8 17.0003C5.94053 18.3983 3.48716 19.0992 1 19.0003C10 24.0003 21 19.0003 21 7.50029C20.9991 7.22174 20.9723 6.94388 20.92 6.67029C21.9406 5.66378 22.6608 4.393 23 3.00029Z"
                  stroke="white"
                  stroke-linecap="round"
                  stroke-linejoin="round"
                  stroke-width="1.5"
                />
              </svg>
            </a>
            <p
              class=" text-light"
              data-testid="text"
            >
              Twitter
            </p>
          </li>
          <li
            class="social-item"
          >
            <a
              class="social-link"
              href="https://instagram.com"
              title="instagram"
            >
              <svg
                fill="none"
                height="24"
                viewBox="0 0 24 24"
                width="24"
                xmlns="http://www.w3.org/2000/svg"
              >
                <path
                  d="M17 2H7C4.23858 2 2 4.23858 2 7V17C2 19.7614 4.23858 22 7 22H17C19.7614 22 22 19.7614 22 17V7C22 4.23858 19.7614 2 17 2Z"
                  stroke="white"
                  stroke-linecap="round"
                  stroke-linejoin="round"
                  stroke-width="1.5"
                />
                <path
                  d="M16 11.3703C16.1234 12.2025 15.9812 13.0525 15.5937 13.7993C15.2062 14.5461 14.5931 15.1517 13.8416 15.53C13.0901 15.9082 12.2384 16.0399 11.4077 15.9062C10.5771 15.7726 9.80971 15.3804 9.21479 14.7855C8.61987 14.1905 8.22768 13.4232 8.09402 12.5925C7.96035 11.7619 8.09202 10.9102 8.47028 10.1587C8.84854 9.40716 9.45414 8.79404 10.2009 8.40654C10.9477 8.01904 11.7977 7.87689 12.63 8.0003C13.4789 8.12619 14.2648 8.52176 14.8716 9.12861C15.4785 9.73545 15.8741 10.5214 16 11.3703Z"
                  stroke="white"
                  stroke-linecap="round"
                  stroke-linejoin="round"
                  stroke-width="1.5"
                />
                <path
                  d="M17.5 6.5H17.51"
                  stroke="white"
                  stroke-linecap="round"
                  stroke-linejoin="round"
                  stroke-width="1.5"
                />
              </svg>
            </a>
            <p
              class=" text-light"
              data-testid="text"
            >
              Instagram
            </p>
          </li>
          <li
            class="social-item"
          >
            <a
              class="social-link"
              href="https://facebook.com"
              title="facebook"
            >
              <svg
                fill="none"
                height="24"
                viewBox="0 0 24 24"
                width="24"
                xmlns="http://www.w3.org/2000/svg"
              >
                <path
                  d="M18 2H15C13.6739 2 12.4021 2.52678 11.4645 3.46447C10.5268 4.40215 10 5.67392 10 7V10H7V14H10V22H14V14H17L18 10H14V7C14 6.73478 14.1054 6.48043 14.2929 6.29289C14.4804 6.10536 14.7348 6 15 6H18V2Z"
                  stroke="white"
                  stroke-linecap="round"
                  stroke-linejoin="round"
                  stroke-width="1.5"
                />
              </svg>
            </a>
            <p
              class=" text-light"
              data-testid="text"
            >
              Facebook
            </p>
          </li>
        </ul>
      </div>
    </div>
  </div>
</DocumentFragment>
`;
