// Jest Snapshot v1, https://goo.gl/fbAQLP

exports[`Logo component matches snapshot 1`] = `
<DocumentFragment>
  <ul
    class="social-list"
    data-testid="social"
  >
    <li
      class="social-item"
    >
      <a
        class="social-link"
        href="https://twitter.com"
        title="twitter"
      >
        <svg
          fill="none"
          height="24"
          viewBox="0 0 24 24"
          width="24"
          xmlns="http://www.w3.org/2000/svg"
        >
          <path
            d="M23 3.00029C22.0424 3.67577 20.9821 4.1924 19.86 4.53029C19.2577 3.8378 18.4573 3.34698 17.567 3.12422C16.6767 2.90145 15.7395 2.95749 14.8821 3.28474C14.0247 3.612 13.2884 4.19469 12.773 4.95401C12.2575 5.71332 11.9877 6.61263 12 7.53029V8.53029C10.2426 8.57586 8.50127 8.1861 6.93101 7.39574C5.36074 6.60537 4.01032 5.43893 3 4.00029C3 4.00029 -1 13.0003 8 17.0003C5.94053 18.3983 3.48716 19.0992 1 19.0003C10 24.0003 21 19.0003 21 7.50029C20.9991 7.22174 20.9723 6.94388 20.92 6.67029C21.9406 5.66378 22.6608 4.393 23 3.00029Z"
            stroke="white"
            strokeLinecap="round"
            strokeLinejoin="round"
            strokeWidth="1.5"
          />
        </svg>
      </a>
      <p
        class=" text-light"
        data-testid="text"
      >
        Twitter
      </p>
    </li>
    <li
      class="social-item"
    >
      <a
        class="social-link"
        href="https://instagram.com"
        title="instagram"
      >
        <svg
          fill="none"
          height="24"
          viewBox="0 0 24 24"
          width="24"
          xmlns="http://www.w3.org/2000/svg"
        >
          <path
            d="M17 2H7C4.23858 2 2 4.23858 2 7V17C2 19.7614 4.23858 22 7 22H17C19.7614 22 22 19.7614 22 17V7C22 4.23858 19.7614 2 17 2Z"
            stroke="white"
            strokeLinecap="round"
            strokeLinejoin="round"
            strokeWidth="1.5"
          />
          <path
            d="M16 11.3703C16.1234 12.2025 15.9812 13.0525 15.5937 13.7993C15.2062 14.5461 14.5931 15.1517 13.8416 15.53C13.0901 15.9082 12.2384 16.0399 11.4077 15.9062C10.5771 15.7726 9.80971 15.3804 9.21479 14.7855C8.61987 14.1905 8.22768 13.4232 8.09402 12.5925C7.96035 11.7619 8.09202 10.9102 8.47028 10.1587C8.84854 9.40716 9.45414 8.79404 10.2009 8.40654C10.9477 8.01904 11.7977 7.87689 12.63 8.0003C13.4789 8.12619 14.2648 8.52176 14.8716 9.12861C15.4785 9.73545 15.8741 10.5214 16 11.3703Z"
            stroke="white"
            strokeLinecap="round"
            strokeLinejoin="round"
            strokeWidth="1.5"
          />
          <path
            d="M17.5 6.5H17.51"
            stroke="white"
            strokeLinecap="round"
            strokeLinejoin="round"
            strokeWidth="1.5"
          />
        </svg>
      </a>
      <p
        class=" text-light"
        data-testid="text"
      >
        Instagram
      </p>
    </li>
    <li
      class="social-item"
    >
      <a
        class="social-link"
        href="https://facebook.com"
        title="facebook"
      >
        <svg
          fill="none"
          height="24"
          viewBox="0 0 24 24"
          width="24"
          xmlns="http://www.w3.org/2000/svg"
        >
          <path
            d="M18 2H15C13.6739 2 12.4021 2.52678 11.4645 3.46447C10.5268 4.40215 10 5.67392 10 7V10H7V14H10V22H14V14H17L18 10H14V7C14 6.73478 14.1054 6.48043 14.2929 6.29289C14.4804 6.10536 14.7348 6 15 6H18V2Z"
            stroke="white"
            strokeLinecap="round"
            strokeLinejoin="round"
            strokeWidth="1.5"
          />
        </svg>
      </a>
      <p
        class=" text-light"
        data-testid="text"
      >
        Facebook
      </p>
    </li>
  </ul>
</DocumentFragment>
`;
