// Jest Snapshot v1, https://goo.gl/fbAQLP

exports[`Login component matches snapshot 1`] = `
<div>
  <form
    class="form"
    data-testid="login"
  >
    <p
      class=" text-extra-medium"
      data-testid="text"
    >
      Login
    </p>
    <div
      class="form-input"
    >
      <div
        class="form-email"
      >
        <div
          class="input-wrapper"
          data-testid="input-value"
        >
          <label
            class="label label-"
          >
            Email
          </label>
          <input
            aria-hidden="true"
            class="input input-"
            id=""
            name="email"
            placeholder=""
            value=""
          />
        </div>
      </div>
      <div
        class="form-password"
      >
        <div
          class="input-wrapper"
          data-testid="input-value"
        >
          <label
            class="label label-"
          >
            Password
          </label>
          <input
            aria-hidden="true"
            class="input input-"
            id=""
            name="password"
            placeholder=""
            value=""
          />
        </div>
      </div>
      <button
        aria-label="Login"
        class=" btn btn-tertiary"
        data-testid="button"
        type="submit"
      >
        Login
      </button>
    </div>
  </form>
</div>
`;
