// Jest Snapshot v1, https://goo.gl/fbAQLP

exports[`Icon component Matches snapshot 1`] = `
<div>
  <div
    class="icon icon-cart icon-cart"
    data-testid="icon"
  />
</div>
`;
