// Jest Snapshot v1, https://goo.gl/fbAQLP

exports[`Card component matches snapshot 1`] = `
<DocumentFragment>
  <div
    class="card"
    data-testid="card"
  >
    <div
      class="card-item"
    >
      <figure
        class="card-image"
      >
        <a
          data-testid="image-link"
          href="/"
        >
          <img
            alt=""
            class="card-image-item"
            src="/images/products/black-shoes.png"
          />
        </a>
      </figure>
      <div
        class="card-info"
      >
        <a
          class="card-name"
          href="/"
        >
          Black shoes
        </a>
        <div
          class="card-description"
        >
          <p
            class=" text-highlight-primary"
            data-testid="text"
          >
            Black
          </p>
          <p
            class=" price-primary"
            data-testid="price"
          >
            $87
          </p>
        </div>
      </div>
    </div>
  </div>
</DocumentFragment>
`;
