// Jest Snapshot v1, https://goo.gl/fbAQLP

exports[`Button component Matches snapshot 1`] = `
<div>
  <button
    class=" btn-"
    data-testid="button"
  >
    SHOW MORE
  </button>
</div>
`;
