// Jest Snapshot v1, https://goo.gl/fbAQLP

exports[`Card component matches snapshot 1`] = `
<div>
  <div
    class="card"
    data-testid="card"
  >
    <div
      class="card-item"
    >
      <div
        class="card-image"
      >
        <a
          aria-label="link to home page"
          data-testid="image-link"
          href="/"
        >
          <img
            alt=""
            class="card-image-item"
            height="130"
            sizes=""
            src="/images/products/blue-shoes.png"
            width="322"
          />
        </a>
      </div>
      <div
        class="card-info"
      >
        <a
          aria-label="Blue shoes"
          class="card-name"
          href="/"
        >
          Blue shoes
        </a>
        <div
          class="card-description"
        >
          <p
            class=" text-highlight-primary"
            data-testid="text"
          >
            Blue
          </p>
          <p
            class=" price-primary"
            data-testid="price"
          >
            $
            45
          </p>
        </div>
      </div>
    </div>
  </div>
</div>
`;
