// Jest Snapshot v1, https://goo.gl/fbAQLP

exports[`CartItem component matches snapshot 1`] = `
<DocumentFragment>
  <div
    class="cart-item"
    data-testid="cart-item"
  >
    <div
      class="cart-info"
    >
      <div
        class="cart-image"
      >
        <img
          alt="This is blue shoes"
          class="cart-image-item"
          data-testid="image"
          src="/images/products/blue-shoes.png"
        />
      </div>
      <div
        class="cart-description"
      >
        <p
          class="cart-text text-"
          data-testid="text"
        >
          Blue shoes
        </p>
        <p
          class="cart-color text-highlight-primary"
          data-testid="text"
        >
          Color: Blue
        </p>
        <p
          class="cart-size text-highlight-primary"
          data-testid="text"
        >
          Size: Small
        </p>
        <div
          class="card-quantity"
        >
          <div
            class="counter"
            data-testid="counter"
          >
            <button
              aria-label="Decrement"
              class="counter-minus btn btn-icon-primary"
              data-testid="button"
            />
            <input
              aria-hidden="true"
              class=" counter-input input-"
              data-testid="input"
              id=""
              name=""
              type="number"
              value="1"
            />
            <button
              aria-label="Increment"
              class="counter-plus btn btn-icon-primary"
              data-testid="button"
            />
          </div>
          <button
            aria-label="Trash"
            class="cart-btn btn btn-icon-secondary"
            data-testid="button"
          >
            <div
              class="undefined icon-trash"
              data-testid="icon"
            />
          </button>
        </div>
      </div>
    </div>
    <p
      class="cart-price price-tertiary"
      data-testid="price"
    >
      $45
    </p>
  </div>
</DocumentFragment>
`;
